 FAIL  tests/unity-version.test.ts
  ● Test suite failed to run

    tests/unity-version.test.ts:3:8 - error TS1192: Module '"fs"' has no default export.

    3 import fs from 'fs';
             ~~
    tests/unity-version.test.ts:4:8 - error TS1259: Module '"path"' can only be default-imported using the 'esModuleInterop' flag

    4 import path from 'path';
             ~~~~

      node_modules/@types/node/path.d.ts:187:5
        187     export = path;
                ~~~~~~~~~~~~~~
        This module is declared with 'export =', and can only be used with a default import when using the 'esModuleInterop' flag.

Test Suites: 1 failed, 1 total
Tests:       0 total
Snapshots:   0 total
Time:        7.044 s
Ran all test suites.
